                                      1 ;--------------------------------------------------------
                                      2 ; File Created by SDCC : free open source ANSI-C Compiler
                                      3 ; Version 4.1.6 #12539 (MINGW32)
                                      4 ;--------------------------------------------------------
                                      5 	.module main
                                      6 	.optsdcc -mgbz80
                                      7 	
                                      8 ;--------------------------------------------------------
                                      9 ; Public variables in this module
                                     10 ;--------------------------------------------------------
                                     11 	.globl _main
                                     12 	.globl _set_bkg_tiles
                                     13 	.globl _set_bkg_data
                                     14 	.globl _delay
                                     15 	.globl _backgroundamp
                                     16 	.globl _TileLabel
                                     17 ;--------------------------------------------------------
                                     18 ; special function registers
                                     19 ;--------------------------------------------------------
                                     20 ;--------------------------------------------------------
                                     21 ; ram data
                                     22 ;--------------------------------------------------------
                                     23 	.area _DATA
                                     24 ;--------------------------------------------------------
                                     25 ; ram data
                                     26 ;--------------------------------------------------------
                                     27 	.area _INITIALIZED
      000000                         28 _TileLabel::
      000000                         29 	.ds 128
      000080                         30 _backgroundamp::
      000080                         31 	.ds 576
                                     32 ;--------------------------------------------------------
                                     33 ; absolute external ram data
                                     34 ;--------------------------------------------------------
                                     35 	.area _DABS (ABS)
                                     36 ;--------------------------------------------------------
                                     37 ; global & static initialisations
                                     38 ;--------------------------------------------------------
                                     39 	.area _HOME
                                     40 	.area _GSINIT
                                     41 	.area _GSFINAL
                                     42 	.area _GSINIT
                                     43 ;--------------------------------------------------------
                                     44 ; Home
                                     45 ;--------------------------------------------------------
                                     46 	.area _HOME
                                     47 	.area _HOME
                                     48 ;--------------------------------------------------------
                                     49 ; code
                                     50 ;--------------------------------------------------------
                                     51 	.area _CODE
                                     52 ;main.c:7: void main(){
                                     53 ;	---------------------------------
                                     54 ; Function main
                                     55 ; ---------------------------------
      000000                         56 _main::
                                     57 ;main.c:8: set_bkg_data(0, 7, TileLabel);
      000000 11r00r00                58 	ld	de, #_TileLabel
      000003 D5                      59 	push	de
      000004 21 00 07                60 	ld	hl, #0x700
      000007 E5                      61 	push	hl
      000008 CDr00r00                62 	call	_set_bkg_data
      00000B E8 04                   63 	add	sp, #4
                                     64 ;main.c:9: set_bkg_tiles(0, 0, backgroundampWidth, backgroundampHeight, backgroundamp);
      00000D 11r80r00                65 	ld	de, #_backgroundamp
      000010 D5                      66 	push	de
      000011 21 20 12                67 	ld	hl, #0x1220
      000014 E5                      68 	push	hl
      000015 AF                      69 	xor	a, a
      000016 0F                      70 	rrca
      000017 F5                      71 	push	af
      000018 CDr00r00                72 	call	_set_bkg_tiles
      00001B E8 06                   73 	add	sp, #6
                                     74 ;main.c:11: SHOW_BKG;
      00001D F0r00                   75 	ldh	a, (_LCDC_REG + 0)
      00001F F6 01                   76 	or	a, #0x01
      000021 E0r00                   77 	ldh	(_LCDC_REG + 0), a
                                     78 ;main.c:12: DISPLAY_ON;
      000023 F0r00                   79 	ldh	a, (_LCDC_REG + 0)
      000025 F6 80                   80 	or	a, #0x80
      000027 E0r00                   81 	ldh	(_LCDC_REG + 0), a
                                     82 ;main.c:14: while(1){
      000029                         83 00102$:
                                     84 ;C:/gbdk/include/gb/gb.h:1094: SCX_REG+=x, SCY_REG+=y;
      000029 F0r00                   85 	ldh	a, (_SCX_REG + 0)
      00002B 3C                      86 	inc	a
      00002C E0r00                   87 	ldh	(_SCX_REG + 0), a
                                     88 ;main.c:16: delay(100);
      00002E 11 64 00                89 	ld	de, #0x0064
      000031 D5                      90 	push	de
      000032 CDr00r00                91 	call	_delay
      000035 E1                      92 	pop	hl
                                     93 ;main.c:18: }
      000036 18 F1                   94 	jr	00102$
                                     95 	.area _CODE
                                     96 	.area _INITIALIZER
      000000                         97 __xinit__TileLabel:
      000000 00                      98 	.db #0x00	; 0
      000001 00                      99 	.db #0x00	; 0
      000002 00                     100 	.db #0x00	; 0
      000003 00                     101 	.db #0x00	; 0
      000004 00                     102 	.db #0x00	; 0
      000005 00                     103 	.db #0x00	; 0
      000006 00                     104 	.db #0x00	; 0
      000007 00                     105 	.db #0x00	; 0
      000008 00                     106 	.db #0x00	; 0
      000009 00                     107 	.db #0x00	; 0
      00000A 00                     108 	.db #0x00	; 0
      00000B 00                     109 	.db #0x00	; 0
      00000C 00                     110 	.db #0x00	; 0
      00000D 00                     111 	.db #0x00	; 0
      00000E 00                     112 	.db #0x00	; 0
      00000F 00                     113 	.db #0x00	; 0
      000010 FF                     114 	.db #0xff	; 255
      000011 FF                     115 	.db #0xff	; 255
      000012 FF                     116 	.db #0xff	; 255
      000013 FF                     117 	.db #0xff	; 255
      000014 FF                     118 	.db #0xff	; 255
      000015 FF                     119 	.db #0xff	; 255
      000016 FF                     120 	.db #0xff	; 255
      000017 FF                     121 	.db #0xff	; 255
      000018 FF                     122 	.db #0xff	; 255
      000019 FF                     123 	.db #0xff	; 255
      00001A FF                     124 	.db #0xff	; 255
      00001B FF                     125 	.db #0xff	; 255
      00001C FF                     126 	.db #0xff	; 255
      00001D FF                     127 	.db #0xff	; 255
      00001E FF                     128 	.db #0xff	; 255
      00001F FF                     129 	.db #0xff	; 255
      000020 00                     130 	.db #0x00	; 0
      000021 00                     131 	.db #0x00	; 0
      000022 00                     132 	.db #0x00	; 0
      000023 00                     133 	.db #0x00	; 0
      000024 00                     134 	.db #0x00	; 0
      000025 00                     135 	.db #0x00	; 0
      000026 00                     136 	.db #0x00	; 0
      000027 00                     137 	.db #0x00	; 0
      000028 00                     138 	.db #0x00	; 0
      000029 00                     139 	.db #0x00	; 0
      00002A FF                     140 	.db #0xff	; 255
      00002B FF                     141 	.db #0xff	; 255
      00002C 00                     142 	.db #0x00	; 0
      00002D 00                     143 	.db #0x00	; 0
      00002E 00                     144 	.db #0x00	; 0
      00002F 00                     145 	.db #0x00	; 0
      000030 FF                     146 	.db #0xff	; 255
      000031 00                     147 	.db #0x00	; 0
      000032 3F                     148 	.db #0x3f	; 63
      000033 C0                     149 	.db #0xc0	; 192
      000034 C7                     150 	.db #0xc7	; 199
      000035 38                     151 	.db #0x38	; 56	'8'
      000036 98                     152 	.db #0x98	; 152
      000037 67                     153 	.db #0x67	; 103	'g'
      000038 C1                     154 	.db #0xc1	; 193
      000039 3E                     155 	.db #0x3e	; 62
      00003A FF                     156 	.db #0xff	; 255
      00003B 00                     157 	.db #0x00	; 0
      00003C 8D                     158 	.db #0x8d	; 141
      00003D 72                     159 	.db #0x72	; 114	'r'
      00003E 38                     160 	.db #0x38	; 56	'8'
      00003F C7                     161 	.db #0xc7	; 199
      000040 02                     162 	.db #0x02	; 2
      000041 FF                     163 	.db #0xff	; 255
      000042 08                     164 	.db #0x08	; 8
      000043 FF                     165 	.db #0xff	; 255
      000044 00                     166 	.db #0x00	; 0
      000045 FF                     167 	.db #0xff	; 255
      000046 BF                     168 	.db #0xbf	; 191
      000047 FF                     169 	.db #0xff	; 255
      000048 F6                     170 	.db #0xf6	; 246
      000049 FF                     171 	.db #0xff	; 255
      00004A 9B                     172 	.db #0x9b	; 155
      00004B FF                     173 	.db #0xff	; 255
      00004C EF                     174 	.db #0xef	; 239
      00004D FF                     175 	.db #0xff	; 255
      00004E FB                     176 	.db #0xfb	; 251
      00004F FF                     177 	.db #0xff	; 255
      000050 FF                     178 	.db #0xff	; 255
      000051 FF                     179 	.db #0xff	; 255
      000052 7B                     180 	.db #0x7b	; 123
      000053 FF                     181 	.db #0xff	; 255
      000054 FF                     182 	.db #0xff	; 255
      000055 FF                     183 	.db #0xff	; 255
      000056 BF                     184 	.db #0xbf	; 191
      000057 FF                     185 	.db #0xff	; 255
      000058 FD                     186 	.db #0xfd	; 253
      000059 FF                     187 	.db #0xff	; 255
      00005A EF                     188 	.db #0xef	; 239
      00005B FF                     189 	.db #0xff	; 255
      00005C FB                     190 	.db #0xfb	; 251
      00005D FF                     191 	.db #0xff	; 255
      00005E 5E                     192 	.db #0x5e	; 94
      00005F FF                     193 	.db #0xff	; 255
      000060 01                     194 	.db #0x01	; 1
      000061 01                     195 	.db #0x01	; 1
      000062 02                     196 	.db #0x02	; 2
      000063 02                     197 	.db #0x02	; 2
      000064 04                     198 	.db #0x04	; 4
      000065 04                     199 	.db #0x04	; 4
      000066 08                     200 	.db #0x08	; 8
      000067 08                     201 	.db #0x08	; 8
      000068 10                     202 	.db #0x10	; 16
      000069 10                     203 	.db #0x10	; 16
      00006A 20                     204 	.db #0x20	; 32
      00006B 20                     205 	.db #0x20	; 32
      00006C 40                     206 	.db #0x40	; 64
      00006D 40                     207 	.db #0x40	; 64
      00006E 80                     208 	.db #0x80	; 128
      00006F 80                     209 	.db #0x80	; 128
      000070 00                     210 	.db #0x00	; 0
      000071 00                     211 	.db #0x00	; 0
      000072 00                     212 	.db #0x00	; 0
      000073 00                     213 	.db #0x00	; 0
      000074 00                     214 	.db #0x00	; 0
      000075 00                     215 	.db #0x00	; 0
      000076 00                     216 	.db #0x00	; 0
      000077 00                     217 	.db #0x00	; 0
      000078 18                     218 	.db #0x18	; 24
      000079 18                     219 	.db #0x18	; 24
      00007A 24                     220 	.db #0x24	; 36
      00007B 24                     221 	.db #0x24	; 36
      00007C 42                     222 	.db #0x42	; 66	'B'
      00007D 42                     223 	.db #0x42	; 66	'B'
      00007E 81                     224 	.db #0x81	; 129
      00007F 81                     225 	.db #0x81	; 129
      000080                        226 __xinit__backgroundamp:
      000080 01                     227 	.db #0x01	; 1
      000081 01                     228 	.db #0x01	; 1
      000082 01                     229 	.db #0x01	; 1
      000083 01                     230 	.db #0x01	; 1
      000084 01                     231 	.db #0x01	; 1
      000085 01                     232 	.db #0x01	; 1
      000086 01                     233 	.db #0x01	; 1
      000087 01                     234 	.db #0x01	; 1
      000088 01                     235 	.db #0x01	; 1
      000089 01                     236 	.db #0x01	; 1
      00008A 01                     237 	.db #0x01	; 1
      00008B 01                     238 	.db #0x01	; 1
      00008C 01                     239 	.db #0x01	; 1
      00008D 01                     240 	.db #0x01	; 1
      00008E 01                     241 	.db #0x01	; 1
      00008F 01                     242 	.db #0x01	; 1
      000090 01                     243 	.db #0x01	; 1
      000091 01                     244 	.db #0x01	; 1
      000092 01                     245 	.db #0x01	; 1
      000093 01                     246 	.db #0x01	; 1
      000094 01                     247 	.db #0x01	; 1
      000095 01                     248 	.db #0x01	; 1
      000096 01                     249 	.db #0x01	; 1
      000097 01                     250 	.db #0x01	; 1
      000098 01                     251 	.db #0x01	; 1
      000099 01                     252 	.db #0x01	; 1
      00009A 01                     253 	.db #0x01	; 1
      00009B 01                     254 	.db #0x01	; 1
      00009C 01                     255 	.db #0x01	; 1
      00009D 01                     256 	.db #0x01	; 1
      00009E 00                     257 	.db #0x00	; 0
      00009F 00                     258 	.db #0x00	; 0
      0000A0 0B                     259 	.db #0x0b	; 11
      0000A1 0B                     260 	.db #0x0b	; 11
      0000A2 0B                     261 	.db #0x0b	; 11
      0000A3 0B                     262 	.db #0x0b	; 11
      0000A4 0B                     263 	.db #0x0b	; 11
      0000A5 0B                     264 	.db #0x0b	; 11
      0000A6 0B                     265 	.db #0x0b	; 11
      0000A7 0B                     266 	.db #0x0b	; 11
      0000A8 0B                     267 	.db #0x0b	; 11
      0000A9 0B                     268 	.db #0x0b	; 11
      0000AA 0B                     269 	.db #0x0b	; 11
      0000AB 0B                     270 	.db #0x0b	; 11
      0000AC 0B                     271 	.db #0x0b	; 11
      0000AD 0B                     272 	.db #0x0b	; 11
      0000AE 0B                     273 	.db #0x0b	; 11
      0000AF 0B                     274 	.db #0x0b	; 11
      0000B0 0B                     275 	.db #0x0b	; 11
      0000B1 0B                     276 	.db #0x0b	; 11
      0000B2 0B                     277 	.db #0x0b	; 11
      0000B3 0B                     278 	.db #0x0b	; 11
      0000B4 0B                     279 	.db #0x0b	; 11
      0000B5 0B                     280 	.db #0x0b	; 11
      0000B6 0B                     281 	.db #0x0b	; 11
      0000B7 0B                     282 	.db #0x0b	; 11
      0000B8 0B                     283 	.db #0x0b	; 11
      0000B9 0B                     284 	.db #0x0b	; 11
      0000BA 0B                     285 	.db #0x0b	; 11
      0000BB 0B                     286 	.db #0x0b	; 11
      0000BC 0B                     287 	.db #0x0b	; 11
      0000BD 0B                     288 	.db #0x0b	; 11
      0000BE 00                     289 	.db #0x00	; 0
      0000BF 00                     290 	.db #0x00	; 0
      0000C0 00                     291 	.db #0x00	; 0
      0000C1 00                     292 	.db #0x00	; 0
      0000C2 00                     293 	.db #0x00	; 0
      0000C3 00                     294 	.db #0x00	; 0
      0000C4 00                     295 	.db #0x00	; 0
      0000C5 00                     296 	.db #0x00	; 0
      0000C6 00                     297 	.db #0x00	; 0
      0000C7 00                     298 	.db #0x00	; 0
      0000C8 00                     299 	.db #0x00	; 0
      0000C9 00                     300 	.db #0x00	; 0
      0000CA 00                     301 	.db #0x00	; 0
      0000CB 00                     302 	.db #0x00	; 0
      0000CC 00                     303 	.db #0x00	; 0
      0000CD 00                     304 	.db #0x00	; 0
      0000CE 00                     305 	.db #0x00	; 0
      0000CF 00                     306 	.db #0x00	; 0
      0000D0 00                     307 	.db #0x00	; 0
      0000D1 00                     308 	.db #0x00	; 0
      0000D2 00                     309 	.db #0x00	; 0
      0000D3 00                     310 	.db #0x00	; 0
      0000D4 00                     311 	.db #0x00	; 0
      0000D5 00                     312 	.db #0x00	; 0
      0000D6 00                     313 	.db #0x00	; 0
      0000D7 00                     314 	.db #0x00	; 0
      0000D8 00                     315 	.db #0x00	; 0
      0000D9 00                     316 	.db #0x00	; 0
      0000DA 00                     317 	.db #0x00	; 0
      0000DB 00                     318 	.db #0x00	; 0
      0000DC 00                     319 	.db #0x00	; 0
      0000DD 00                     320 	.db #0x00	; 0
      0000DE 00                     321 	.db #0x00	; 0
      0000DF 00                     322 	.db #0x00	; 0
      0000E0 00                     323 	.db #0x00	; 0
      0000E1 00                     324 	.db #0x00	; 0
      0000E2 00                     325 	.db #0x00	; 0
      0000E3 00                     326 	.db #0x00	; 0
      0000E4 00                     327 	.db #0x00	; 0
      0000E5 00                     328 	.db #0x00	; 0
      0000E6 00                     329 	.db #0x00	; 0
      0000E7 00                     330 	.db #0x00	; 0
      0000E8 00                     331 	.db #0x00	; 0
      0000E9 00                     332 	.db #0x00	; 0
      0000EA 00                     333 	.db #0x00	; 0
      0000EB 00                     334 	.db #0x00	; 0
      0000EC 00                     335 	.db #0x00	; 0
      0000ED 00                     336 	.db #0x00	; 0
      0000EE 00                     337 	.db #0x00	; 0
      0000EF 00                     338 	.db #0x00	; 0
      0000F0 00                     339 	.db #0x00	; 0
      0000F1 00                     340 	.db #0x00	; 0
      0000F2 00                     341 	.db #0x00	; 0
      0000F3 00                     342 	.db #0x00	; 0
      0000F4 00                     343 	.db #0x00	; 0
      0000F5 00                     344 	.db #0x00	; 0
      0000F6 00                     345 	.db #0x00	; 0
      0000F7 00                     346 	.db #0x00	; 0
      0000F8 00                     347 	.db #0x00	; 0
      0000F9 00                     348 	.db #0x00	; 0
      0000FA 00                     349 	.db #0x00	; 0
      0000FB 00                     350 	.db #0x00	; 0
      0000FC 00                     351 	.db #0x00	; 0
      0000FD 00                     352 	.db #0x00	; 0
      0000FE 00                     353 	.db #0x00	; 0
      0000FF 00                     354 	.db #0x00	; 0
      000100 00                     355 	.db #0x00	; 0
      000101 00                     356 	.db #0x00	; 0
      000102 00                     357 	.db #0x00	; 0
      000103 00                     358 	.db #0x00	; 0
      000104 00                     359 	.db #0x00	; 0
      000105 00                     360 	.db #0x00	; 0
      000106 00                     361 	.db #0x00	; 0
      000107 00                     362 	.db #0x00	; 0
      000108 00                     363 	.db #0x00	; 0
      000109 00                     364 	.db #0x00	; 0
      00010A 00                     365 	.db #0x00	; 0
      00010B 00                     366 	.db #0x00	; 0
      00010C 00                     367 	.db #0x00	; 0
      00010D 00                     368 	.db #0x00	; 0
      00010E 00                     369 	.db #0x00	; 0
      00010F 00                     370 	.db #0x00	; 0
      000110 00                     371 	.db #0x00	; 0
      000111 00                     372 	.db #0x00	; 0
      000112 00                     373 	.db #0x00	; 0
      000113 00                     374 	.db #0x00	; 0
      000114 00                     375 	.db #0x00	; 0
      000115 00                     376 	.db #0x00	; 0
      000116 00                     377 	.db #0x00	; 0
      000117 00                     378 	.db #0x00	; 0
      000118 00                     379 	.db #0x00	; 0
      000119 00                     380 	.db #0x00	; 0
      00011A 00                     381 	.db #0x00	; 0
      00011B 00                     382 	.db #0x00	; 0
      00011C 00                     383 	.db #0x00	; 0
      00011D 00                     384 	.db #0x00	; 0
      00011E 00                     385 	.db #0x00	; 0
      00011F 00                     386 	.db #0x00	; 0
      000120 00                     387 	.db #0x00	; 0
      000121 00                     388 	.db #0x00	; 0
      000122 00                     389 	.db #0x00	; 0
      000123 00                     390 	.db #0x00	; 0
      000124 00                     391 	.db #0x00	; 0
      000125 00                     392 	.db #0x00	; 0
      000126 00                     393 	.db #0x00	; 0
      000127 00                     394 	.db #0x00	; 0
      000128 00                     395 	.db #0x00	; 0
      000129 00                     396 	.db #0x00	; 0
      00012A 00                     397 	.db #0x00	; 0
      00012B 00                     398 	.db #0x00	; 0
      00012C 00                     399 	.db #0x00	; 0
      00012D 00                     400 	.db #0x00	; 0
      00012E 00                     401 	.db #0x00	; 0
      00012F 00                     402 	.db #0x00	; 0
      000130 00                     403 	.db #0x00	; 0
      000131 00                     404 	.db #0x00	; 0
      000132 00                     405 	.db #0x00	; 0
      000133 00                     406 	.db #0x00	; 0
      000134 00                     407 	.db #0x00	; 0
      000135 00                     408 	.db #0x00	; 0
      000136 00                     409 	.db #0x00	; 0
      000137 00                     410 	.db #0x00	; 0
      000138 00                     411 	.db #0x00	; 0
      000139 00                     412 	.db #0x00	; 0
      00013A 00                     413 	.db #0x00	; 0
      00013B 00                     414 	.db #0x00	; 0
      00013C 00                     415 	.db #0x00	; 0
      00013D 00                     416 	.db #0x00	; 0
      00013E 00                     417 	.db #0x00	; 0
      00013F 00                     418 	.db #0x00	; 0
      000140 00                     419 	.db #0x00	; 0
      000141 00                     420 	.db #0x00	; 0
      000142 00                     421 	.db #0x00	; 0
      000143 00                     422 	.db #0x00	; 0
      000144 00                     423 	.db #0x00	; 0
      000145 00                     424 	.db #0x00	; 0
      000146 00                     425 	.db #0x00	; 0
      000147 00                     426 	.db #0x00	; 0
      000148 00                     427 	.db #0x00	; 0
      000149 00                     428 	.db #0x00	; 0
      00014A 00                     429 	.db #0x00	; 0
      00014B 00                     430 	.db #0x00	; 0
      00014C 00                     431 	.db #0x00	; 0
      00014D 00                     432 	.db #0x00	; 0
      00014E 00                     433 	.db #0x00	; 0
      00014F 00                     434 	.db #0x00	; 0
      000150 00                     435 	.db #0x00	; 0
      000151 00                     436 	.db #0x00	; 0
      000152 00                     437 	.db #0x00	; 0
      000153 00                     438 	.db #0x00	; 0
      000154 00                     439 	.db #0x00	; 0
      000155 00                     440 	.db #0x00	; 0
      000156 00                     441 	.db #0x00	; 0
      000157 00                     442 	.db #0x00	; 0
      000158 00                     443 	.db #0x00	; 0
      000159 00                     444 	.db #0x00	; 0
      00015A 00                     445 	.db #0x00	; 0
      00015B 00                     446 	.db #0x00	; 0
      00015C 00                     447 	.db #0x00	; 0
      00015D 00                     448 	.db #0x00	; 0
      00015E 00                     449 	.db #0x00	; 0
      00015F 00                     450 	.db #0x00	; 0
      000160 00                     451 	.db #0x00	; 0
      000161 00                     452 	.db #0x00	; 0
      000162 00                     453 	.db #0x00	; 0
      000163 00                     454 	.db #0x00	; 0
      000164 00                     455 	.db #0x00	; 0
      000165 00                     456 	.db #0x00	; 0
      000166 00                     457 	.db #0x00	; 0
      000167 00                     458 	.db #0x00	; 0
      000168 00                     459 	.db #0x00	; 0
      000169 00                     460 	.db #0x00	; 0
      00016A 00                     461 	.db #0x00	; 0
      00016B 00                     462 	.db #0x00	; 0
      00016C 00                     463 	.db #0x00	; 0
      00016D 00                     464 	.db #0x00	; 0
      00016E 00                     465 	.db #0x00	; 0
      00016F 00                     466 	.db #0x00	; 0
      000170 00                     467 	.db #0x00	; 0
      000171 00                     468 	.db #0x00	; 0
      000172 00                     469 	.db #0x00	; 0
      000173 00                     470 	.db #0x00	; 0
      000174 00                     471 	.db #0x00	; 0
      000175 00                     472 	.db #0x00	; 0
      000176 00                     473 	.db #0x00	; 0
      000177 00                     474 	.db #0x00	; 0
      000178 00                     475 	.db #0x00	; 0
      000179 00                     476 	.db #0x00	; 0
      00017A 00                     477 	.db #0x00	; 0
      00017B 00                     478 	.db #0x00	; 0
      00017C 00                     479 	.db #0x00	; 0
      00017D 00                     480 	.db #0x00	; 0
      00017E 00                     481 	.db #0x00	; 0
      00017F 00                     482 	.db #0x00	; 0
      000180 00                     483 	.db #0x00	; 0
      000181 00                     484 	.db #0x00	; 0
      000182 00                     485 	.db #0x00	; 0
      000183 00                     486 	.db #0x00	; 0
      000184 00                     487 	.db #0x00	; 0
      000185 00                     488 	.db #0x00	; 0
      000186 00                     489 	.db #0x00	; 0
      000187 00                     490 	.db #0x00	; 0
      000188 00                     491 	.db #0x00	; 0
      000189 00                     492 	.db #0x00	; 0
      00018A 00                     493 	.db #0x00	; 0
      00018B 00                     494 	.db #0x00	; 0
      00018C 00                     495 	.db #0x00	; 0
      00018D 00                     496 	.db #0x00	; 0
      00018E 00                     497 	.db #0x00	; 0
      00018F 00                     498 	.db #0x00	; 0
      000190 00                     499 	.db #0x00	; 0
      000191 07                     500 	.db #0x07	; 7
      000192 00                     501 	.db #0x00	; 0
      000193 00                     502 	.db #0x00	; 0
      000194 00                     503 	.db #0x00	; 0
      000195 00                     504 	.db #0x00	; 0
      000196 00                     505 	.db #0x00	; 0
      000197 00                     506 	.db #0x00	; 0
      000198 00                     507 	.db #0x00	; 0
      000199 00                     508 	.db #0x00	; 0
      00019A 00                     509 	.db #0x00	; 0
      00019B 00                     510 	.db #0x00	; 0
      00019C 00                     511 	.db #0x00	; 0
      00019D 00                     512 	.db #0x00	; 0
      00019E 00                     513 	.db #0x00	; 0
      00019F 00                     514 	.db #0x00	; 0
      0001A0 00                     515 	.db #0x00	; 0
      0001A1 00                     516 	.db #0x00	; 0
      0001A2 00                     517 	.db #0x00	; 0
      0001A3 00                     518 	.db #0x00	; 0
      0001A4 00                     519 	.db #0x00	; 0
      0001A5 00                     520 	.db #0x00	; 0
      0001A6 00                     521 	.db #0x00	; 0
      0001A7 00                     522 	.db #0x00	; 0
      0001A8 00                     523 	.db #0x00	; 0
      0001A9 00                     524 	.db #0x00	; 0
      0001AA 00                     525 	.db #0x00	; 0
      0001AB 00                     526 	.db #0x00	; 0
      0001AC 00                     527 	.db #0x00	; 0
      0001AD 00                     528 	.db #0x00	; 0
      0001AE 00                     529 	.db #0x00	; 0
      0001AF 00                     530 	.db #0x00	; 0
      0001B0 06                     531 	.db #0x06	; 6
      0001B1 00                     532 	.db #0x00	; 0
      0001B2 08                     533 	.db #0x08	; 8
      0001B3 00                     534 	.db #0x00	; 0
      0001B4 00                     535 	.db #0x00	; 0
      0001B5 00                     536 	.db #0x00	; 0
      0001B6 00                     537 	.db #0x00	; 0
      0001B7 00                     538 	.db #0x00	; 0
      0001B8 00                     539 	.db #0x00	; 0
      0001B9 00                     540 	.db #0x00	; 0
      0001BA 00                     541 	.db #0x00	; 0
      0001BB 00                     542 	.db #0x00	; 0
      0001BC 00                     543 	.db #0x00	; 0
      0001BD 00                     544 	.db #0x00	; 0
      0001BE 00                     545 	.db #0x00	; 0
      0001BF 00                     546 	.db #0x00	; 0
      0001C0 00                     547 	.db #0x00	; 0
      0001C1 00                     548 	.db #0x00	; 0
      0001C2 00                     549 	.db #0x00	; 0
      0001C3 00                     550 	.db #0x00	; 0
      0001C4 00                     551 	.db #0x00	; 0
      0001C5 00                     552 	.db #0x00	; 0
      0001C6 00                     553 	.db #0x00	; 0
      0001C7 00                     554 	.db #0x00	; 0
      0001C8 00                     555 	.db #0x00	; 0
      0001C9 00                     556 	.db #0x00	; 0
      0001CA 00                     557 	.db #0x00	; 0
      0001CB 00                     558 	.db #0x00	; 0
      0001CC 00                     559 	.db #0x00	; 0
      0001CD 00                     560 	.db #0x00	; 0
      0001CE 00                     561 	.db #0x00	; 0
      0001CF 06                     562 	.db #0x06	; 6
      0001D0 00                     563 	.db #0x00	; 0
      0001D1 00                     564 	.db #0x00	; 0
      0001D2 00                     565 	.db #0x00	; 0
      0001D3 08                     566 	.db #0x08	; 8
      0001D4 00                     567 	.db #0x00	; 0
      0001D5 00                     568 	.db #0x00	; 0
      0001D6 00                     569 	.db #0x00	; 0
      0001D7 00                     570 	.db #0x00	; 0
      0001D8 00                     571 	.db #0x00	; 0
      0001D9 00                     572 	.db #0x00	; 0
      0001DA 00                     573 	.db #0x00	; 0
      0001DB 00                     574 	.db #0x00	; 0
      0001DC 00                     575 	.db #0x00	; 0
      0001DD 00                     576 	.db #0x00	; 0
      0001DE 00                     577 	.db #0x00	; 0
      0001DF 00                     578 	.db #0x00	; 0
      0001E0 00                     579 	.db #0x00	; 0
      0001E1 00                     580 	.db #0x00	; 0
      0001E2 00                     581 	.db #0x00	; 0
      0001E3 00                     582 	.db #0x00	; 0
      0001E4 00                     583 	.db #0x00	; 0
      0001E5 00                     584 	.db #0x00	; 0
      0001E6 07                     585 	.db #0x07	; 7
      0001E7 00                     586 	.db #0x00	; 0
      0001E8 00                     587 	.db #0x00	; 0
      0001E9 00                     588 	.db #0x00	; 0
      0001EA 00                     589 	.db #0x00	; 0
      0001EB 00                     590 	.db #0x00	; 0
      0001EC 00                     591 	.db #0x00	; 0
      0001ED 00                     592 	.db #0x00	; 0
      0001EE 06                     593 	.db #0x06	; 6
      0001EF 00                     594 	.db #0x00	; 0
      0001F0 00                     595 	.db #0x00	; 0
      0001F1 00                     596 	.db #0x00	; 0
      0001F2 00                     597 	.db #0x00	; 0
      0001F3 00                     598 	.db #0x00	; 0
      0001F4 08                     599 	.db #0x08	; 8
      0001F5 00                     600 	.db #0x00	; 0
      0001F6 00                     601 	.db #0x00	; 0
      0001F7 00                     602 	.db #0x00	; 0
      0001F8 00                     603 	.db #0x00	; 0
      0001F9 00                     604 	.db #0x00	; 0
      0001FA 00                     605 	.db #0x00	; 0
      0001FB 00                     606 	.db #0x00	; 0
      0001FC 00                     607 	.db #0x00	; 0
      0001FD 00                     608 	.db #0x00	; 0
      0001FE 00                     609 	.db #0x00	; 0
      0001FF 00                     610 	.db #0x00	; 0
      000200 00                     611 	.db #0x00	; 0
      000201 00                     612 	.db #0x00	; 0
      000202 00                     613 	.db #0x00	; 0
      000203 00                     614 	.db #0x00	; 0
      000204 00                     615 	.db #0x00	; 0
      000205 06                     616 	.db #0x06	; 6
      000206 00                     617 	.db #0x00	; 0
      000207 08                     618 	.db #0x08	; 8
      000208 00                     619 	.db #0x00	; 0
      000209 00                     620 	.db #0x00	; 0
      00020A 00                     621 	.db #0x00	; 0
      00020B 00                     622 	.db #0x00	; 0
      00020C 00                     623 	.db #0x00	; 0
      00020D 06                     624 	.db #0x06	; 6
      00020E 00                     625 	.db #0x00	; 0
      00020F 00                     626 	.db #0x00	; 0
      000210 00                     627 	.db #0x00	; 0
      000211 00                     628 	.db #0x00	; 0
      000212 00                     629 	.db #0x00	; 0
      000213 00                     630 	.db #0x00	; 0
      000214 00                     631 	.db #0x00	; 0
      000215 08                     632 	.db #0x08	; 8
      000216 00                     633 	.db #0x00	; 0
      000217 00                     634 	.db #0x00	; 0
      000218 00                     635 	.db #0x00	; 0
      000219 00                     636 	.db #0x00	; 0
      00021A 00                     637 	.db #0x00	; 0
      00021B 00                     638 	.db #0x00	; 0
      00021C 00                     639 	.db #0x00	; 0
      00021D 00                     640 	.db #0x00	; 0
      00021E 00                     641 	.db #0x00	; 0
      00021F 00                     642 	.db #0x00	; 0
      000220 00                     643 	.db #0x00	; 0
      000221 00                     644 	.db #0x00	; 0
      000222 00                     645 	.db #0x00	; 0
      000223 00                     646 	.db #0x00	; 0
      000224 06                     647 	.db #0x06	; 6
      000225 00                     648 	.db #0x00	; 0
      000226 00                     649 	.db #0x00	; 0
      000227 00                     650 	.db #0x00	; 0
      000228 08                     651 	.db #0x08	; 8
      000229 00                     652 	.db #0x00	; 0
      00022A 00                     653 	.db #0x00	; 0
      00022B 00                     654 	.db #0x00	; 0
      00022C 06                     655 	.db #0x06	; 6
      00022D 00                     656 	.db #0x00	; 0
      00022E 00                     657 	.db #0x00	; 0
      00022F 00                     658 	.db #0x00	; 0
      000230 00                     659 	.db #0x00	; 0
      000231 00                     660 	.db #0x00	; 0
      000232 00                     661 	.db #0x00	; 0
      000233 00                     662 	.db #0x00	; 0
      000234 00                     663 	.db #0x00	; 0
      000235 00                     664 	.db #0x00	; 0
      000236 08                     665 	.db #0x08	; 8
      000237 00                     666 	.db #0x00	; 0
      000238 00                     667 	.db #0x00	; 0
      000239 00                     668 	.db #0x00	; 0
      00023A 00                     669 	.db #0x00	; 0
      00023B 00                     670 	.db #0x00	; 0
      00023C 00                     671 	.db #0x00	; 0
      00023D 00                     672 	.db #0x00	; 0
      00023E 00                     673 	.db #0x00	; 0
      00023F 00                     674 	.db #0x00	; 0
      000240 02                     675 	.db #0x02	; 2
      000241 02                     676 	.db #0x02	; 2
      000242 02                     677 	.db #0x02	; 2
      000243 0A                     678 	.db #0x0a	; 10
      000244 02                     679 	.db #0x02	; 2
      000245 02                     680 	.db #0x02	; 2
      000246 02                     681 	.db #0x02	; 2
      000247 02                     682 	.db #0x02	; 2
      000248 02                     683 	.db #0x02	; 2
      000249 09                     684 	.db #0x09	; 9
      00024A 02                     685 	.db #0x02	; 2
      00024B 0A                     686 	.db #0x0a	; 10
      00024C 02                     687 	.db #0x02	; 2
      00024D 02                     688 	.db #0x02	; 2
      00024E 02                     689 	.db #0x02	; 2
      00024F 02                     690 	.db #0x02	; 2
      000250 02                     691 	.db #0x02	; 2
      000251 02                     692 	.db #0x02	; 2
      000252 02                     693 	.db #0x02	; 2
      000253 02                     694 	.db #0x02	; 2
      000254 02                     695 	.db #0x02	; 2
      000255 02                     696 	.db #0x02	; 2
      000256 02                     697 	.db #0x02	; 2
      000257 09                     698 	.db #0x09	; 9
      000258 02                     699 	.db #0x02	; 2
      000259 02                     700 	.db #0x02	; 2
      00025A 02                     701 	.db #0x02	; 2
      00025B 02                     702 	.db #0x02	; 2
      00025C 02                     703 	.db #0x02	; 2
      00025D 02                     704 	.db #0x02	; 2
      00025E 00                     705 	.db #0x00	; 0
      00025F 00                     706 	.db #0x00	; 0
      000260 03                     707 	.db #0x03	; 3
      000261 03                     708 	.db #0x03	; 3
      000262 03                     709 	.db #0x03	; 3
      000263 03                     710 	.db #0x03	; 3
      000264 03                     711 	.db #0x03	; 3
      000265 03                     712 	.db #0x03	; 3
      000266 03                     713 	.db #0x03	; 3
      000267 03                     714 	.db #0x03	; 3
      000268 03                     715 	.db #0x03	; 3
      000269 03                     716 	.db #0x03	; 3
      00026A 03                     717 	.db #0x03	; 3
      00026B 03                     718 	.db #0x03	; 3
      00026C 03                     719 	.db #0x03	; 3
      00026D 03                     720 	.db #0x03	; 3
      00026E 03                     721 	.db #0x03	; 3
      00026F 03                     722 	.db #0x03	; 3
      000270 03                     723 	.db #0x03	; 3
      000271 03                     724 	.db #0x03	; 3
      000272 03                     725 	.db #0x03	; 3
      000273 03                     726 	.db #0x03	; 3
      000274 03                     727 	.db #0x03	; 3
      000275 03                     728 	.db #0x03	; 3
      000276 03                     729 	.db #0x03	; 3
      000277 03                     730 	.db #0x03	; 3
      000278 03                     731 	.db #0x03	; 3
      000279 03                     732 	.db #0x03	; 3
      00027A 03                     733 	.db #0x03	; 3
      00027B 03                     734 	.db #0x03	; 3
      00027C 03                     735 	.db #0x03	; 3
      00027D 03                     736 	.db #0x03	; 3
      00027E 00                     737 	.db #0x00	; 0
      00027F 00                     738 	.db #0x00	; 0
      000280 04                     739 	.db #0x04	; 4
      000281 04                     740 	.db #0x04	; 4
      000282 04                     741 	.db #0x04	; 4
      000283 04                     742 	.db #0x04	; 4
      000284 04                     743 	.db #0x04	; 4
      000285 04                     744 	.db #0x04	; 4
      000286 04                     745 	.db #0x04	; 4
      000287 04                     746 	.db #0x04	; 4
      000288 04                     747 	.db #0x04	; 4
      000289 04                     748 	.db #0x04	; 4
      00028A 04                     749 	.db #0x04	; 4
      00028B 04                     750 	.db #0x04	; 4
      00028C 04                     751 	.db #0x04	; 4
      00028D 04                     752 	.db #0x04	; 4
      00028E 04                     753 	.db #0x04	; 4
      00028F 04                     754 	.db #0x04	; 4
      000290 04                     755 	.db #0x04	; 4
      000291 04                     756 	.db #0x04	; 4
      000292 04                     757 	.db #0x04	; 4
      000293 04                     758 	.db #0x04	; 4
      000294 04                     759 	.db #0x04	; 4
      000295 04                     760 	.db #0x04	; 4
      000296 04                     761 	.db #0x04	; 4
      000297 04                     762 	.db #0x04	; 4
      000298 04                     763 	.db #0x04	; 4
      000299 04                     764 	.db #0x04	; 4
      00029A 04                     765 	.db #0x04	; 4
      00029B 04                     766 	.db #0x04	; 4
      00029C 04                     767 	.db #0x04	; 4
      00029D 04                     768 	.db #0x04	; 4
      00029E 00                     769 	.db #0x00	; 0
      00029F 00                     770 	.db #0x00	; 0
      0002A0 05                     771 	.db #0x05	; 5
      0002A1 05                     772 	.db #0x05	; 5
      0002A2 05                     773 	.db #0x05	; 5
      0002A3 05                     774 	.db #0x05	; 5
      0002A4 05                     775 	.db #0x05	; 5
      0002A5 05                     776 	.db #0x05	; 5
      0002A6 05                     777 	.db #0x05	; 5
      0002A7 05                     778 	.db #0x05	; 5
      0002A8 05                     779 	.db #0x05	; 5
      0002A9 05                     780 	.db #0x05	; 5
      0002AA 05                     781 	.db #0x05	; 5
      0002AB 05                     782 	.db #0x05	; 5
      0002AC 05                     783 	.db #0x05	; 5
      0002AD 05                     784 	.db #0x05	; 5
      0002AE 05                     785 	.db #0x05	; 5
      0002AF 05                     786 	.db #0x05	; 5
      0002B0 05                     787 	.db #0x05	; 5
      0002B1 05                     788 	.db #0x05	; 5
      0002B2 05                     789 	.db #0x05	; 5
      0002B3 05                     790 	.db #0x05	; 5
      0002B4 05                     791 	.db #0x05	; 5
      0002B5 05                     792 	.db #0x05	; 5
      0002B6 05                     793 	.db #0x05	; 5
      0002B7 05                     794 	.db #0x05	; 5
      0002B8 05                     795 	.db #0x05	; 5
      0002B9 05                     796 	.db #0x05	; 5
      0002BA 05                     797 	.db #0x05	; 5
      0002BB 05                     798 	.db #0x05	; 5
      0002BC 05                     799 	.db #0x05	; 5
      0002BD 05                     800 	.db #0x05	; 5
      0002BE 00                     801 	.db #0x00	; 0
      0002BF 00                     802 	.db #0x00	; 0
                                    803 	.area _CABS (ABS)
